c:\users\2240225\desktop\graphicengine4\3dgp\x64\release\imgui_draw.obj
c:\users\2240225\desktop\graphicengine4\3dgp\x64\release\imgui_ja_gryph_ranges.obj
c:\users\2240225\desktop\graphicengine4\3dgp\x64\release\imgui_tables.obj
c:\users\2240225\desktop\graphicengine4\3dgp\x64\release\profiler.obj
c:\users\2240225\desktop\graphicengine4\3dgp\x64\release\imgui_demo.obj
c:\users\2240225\desktop\graphicengine4\3dgp\x64\release\imgui_impl_dx11.obj
c:\users\2240225\desktop\graphicengine4\3dgp\x64\release\imguizmo.obj
c:\users\2240225\desktop\graphicengine4\3dgp\x64\release\imgui_impl_win32.obj
c:\users\2240225\desktop\graphicengine4\3dgp\x64\release\imgui_widgets.obj
c:\users\2240225\desktop\graphicengine4\3dgp\x64\release\imgui.obj
c:\users\2240225\desktop\graphicengine4\3dgp\x64\release\timer.obj
c:\users\2240225\desktop\graphicengine4\3dgp\x64\release\vc143.pdb
c:\users\2240225\desktop\graphicengine4\3dgp\x64\release\scenebase.obj
c:\users\2240225\desktop\graphicengine4\3dgp\x64\release\framework.obj
c:\users\2240225\desktop\graphicengine4\3dgp\x64\release\puddinggamescene.obj
c:\users\2240225\desktop\graphicengine4\3dgp\x64\release\bloom.obj
c:\users\2240225\desktop\graphicengine4\3dgp\x64\release\fogeffect.obj
c:\users\2240225\desktop\graphicengine4\3dgp\x64\release\ssaoeffect.obj
c:\users\2240225\desktop\graphicengine4\3dgp\x64\release\samplescene.obj
c:\users\2240225\desktop\graphicengine4\3dgp\x64\release\shadowmap.obj
c:\users\2240225\desktop\graphicengine4\3dgp\x64\release\mainscene.obj
c:\users\2240225\desktop\graphicengine4\3dgp\x64\release\titlescene.obj
c:\users\2240225\desktop\graphicengine4\3dgp\x64\release\loadingscene.obj
c:\users\2240225\desktop\graphicengine4\3dgp\x64\release\morphscene.obj
c:\users\2240225\desktop\graphicengine4\3dgp\x64\release\framebuffer.obj
c:\users\2240225\desktop\graphicengine4\3dgp\x64\release\bloomeffect.obj
c:\users\2240225\desktop\graphicengine4\3dgp\x64\release\ssreffect.obj
c:\users\2240225\desktop\graphicengine4\3dgp\x64\release\3dgp.pch
c:\users\2240225\desktop\graphicengine4\3dgp\x64\release\pch.obj
c:\users\2240225\desktop\graphicengine4\3dgp\x64\release\component.obj
c:\users\2240225\desktop\graphicengine4\3dgp\x64\release\cameracomponent.obj
c:\users\2240225\desktop\graphicengine4\3dgp\x64\release\controllercomponent.obj
c:\users\2240225\desktop\graphicengine4\3dgp\x64\release\elasticcomponent.obj
c:\users\2240225\desktop\graphicengine4\3dgp\x64\release\audio.obj
c:\users\2240225\desktop\graphicengine4\3dgp\x64\release\cameramanager.obj
c:\users\2240225\desktop\graphicengine4\3dgp\x64\release\gamepad.obj
c:\users\2240225\desktop\graphicengine4\3dgp\x64\release\inputsystem.obj
c:\users\2240225\desktop\graphicengine4\3dgp\x64\release\scene.obj
c:\users\2240225\desktop\graphicengine4\3dgp\x64\release\bossenemy.obj
c:\users\2240225\desktop\graphicengine4\3dgp\x64\release\playerstate.obj
c:\users\2240225\desktop\graphicengine4\3dgp\x64\release\morphmodel.obj
c:\users\2240225\desktop\graphicengine4\3dgp\x64\release\odenordermanager.obj
c:\users\2240225\desktop\graphicengine4\3dgp\x64\release\statemachine.obj
c:\users\2240225\desktop\graphicengine4\3dgp\x64\release\volumetriccloudscapes.obj
c:\users\2240225\desktop\graphicengine4\3dgp\x64\release\graphics.obj
c:\users\2240225\desktop\graphicengine4\3dgp\x64\release\renderstate.obj
c:\users\2240225\desktop\graphicengine4\3dgp\x64\release\huskparticle.obj
c:\users\2240225\desktop\graphicengine4\3dgp\x64\release\particles.obj
c:\users\2240225\desktop\graphicengine4\3dgp\x64\release\skymap.obj
c:\users\2240225\desktop\graphicengine4\3dgp\x64\release\shaperenderer.obj
c:\users\2240225\desktop\graphicengine4\3dgp\x64\release\geometricprimitive.obj
c:\users\2240225\desktop\graphicengine4\3dgp\x64\release\glthmodel.obj
c:\users\2240225\desktop\graphicengine4\3dgp\x64\release\physics.obj
c:\users\2240225\desktop\graphicengine4\3dgp\x64\release\transitioneffect.obj
c:\users\2240225\desktop\graphicengine4\3dgp\x64\release\main.obj
c:\users\2240225\desktop\graphicengine4\3dgp\x64\release\animationcontroller.obj
c:\users\2240225\desktop\graphicengine4\3dgp\x64\release\rigidbodycomponent.obj
c:\users\2240225\desktop\graphicengine4\3dgp\x64\release\actor.obj
c:\users\2240225\desktop\graphicengine4\3dgp\x64\release\coreaudio.obj
c:\users\2240225\desktop\graphicengine4\3dgp\x64\release\debugdrawmanager.obj
c:\users\2240225\desktop\graphicengine4\3dgp\x64\release\logger.obj
c:\users\2240225\desktop\graphicengine4\3dgp\x64\release\sceneeditor.obj
c:\users\2240225\desktop\graphicengine4\3dgp\x64\release\time.obj
c:\users\2240225\desktop\graphicengine4\3dgp\x64\release\cherry.obj
c:\users\2240225\desktop\graphicengine4\3dgp\x64\release\targetpudding.obj
c:\users\2240225\desktop\graphicengine4\3dgp\x64\release\clothsimulate.obj
c:\users\2240225\desktop\graphicengine4\3dgp\x64\release\odendetailingredientsactors.obj
c:\users\2240225\desktop\graphicengine4\3dgp\x64\release\odeningredientactor.obj
c:\users\2240225\desktop\graphicengine4\3dgp\x64\release\odengameparameter.obj
c:\users\2240225\desktop\graphicengine4\3dgp\x64\release\odennextviewactor.obj
c:\users\2240225\desktop\graphicengine4\3dgp\x64\release\softbody.obj
c:\users\2240225\desktop\graphicengine4\3dgp\x64\release\fullscreenquad.obj
c:\users\2240225\desktop\graphicengine4\3dgp\x64\release\primitiveshaperenderer.obj
c:\users\2240225\desktop\graphicengine4\3dgp\x64\release\spriterenderer.obj
c:\users\2240225\desktop\graphicengine4\3dgp\x64\release\gltfmodelstaticbatching.obj
c:\users\2240225\desktop\graphicengine4\3dgp\x64\release\shadertoy.obj
c:\users\2240225\desktop\graphicengine4\3dgp\x64\release\texture.obj
c:\users\2240225\desktop\graphicengine4\3dgp\x64\release\cascadeshadowmap.obj
c:\users\2240225\desktop\graphicengine4\3dgp\x64\release\sprite.obj
c:\users\2240225\desktop\graphicengine4\3dgp\x64\release\collisionmesh.obj
c:\users\2240225\desktop\graphicengine4\3dgp\x64\release\softbody2d.obj
c:\users\2240225\desktop\graphicengine4\3dgp\x64\release\font.obj
c:\users\2240225\desktop\graphicengine4\3dgp\x64\release\scenetransitionmanager.obj
c:\users\2240225\desktop\graphicengine4\3dgp\x64\release\widget.obj
c:\users\2240225\desktop\graphicengine4\3dgp\x64\release\coreaudiosourcecomponent.obj
c:\users\2240225\desktop\graphicengine4\3dgp\x64\release\collisioncomponent.obj
c:\users\2240225\desktop\graphicengine4\3dgp\x64\release\coreeasingcomponent.obj
c:\users\2240225\desktop\graphicengine4\3dgp\x64\release\lifetimecomponent.obj
c:\users\2240225\desktop\graphicengine4\3dgp\x64\release\corecolor.obj
c:\users\2240225\desktop\graphicengine4\3dgp\x64\release\vector.obj
c:\users\2240225\desktop\graphicengine4\3dgp\x64\release\world.obj
c:\users\2240225\desktop\graphicengine4\3dgp\x64\release\testeasinghandler.obj
c:\users\2240225\desktop\graphicengine4\3dgp\x64\release\corecomputeparticlesystem.obj
c:\users\2240225\desktop\graphicengine4\3dgp\x64\release\effecteditor.obj
c:\users\2240225\desktop\graphicengine4\3dgp\x64\release\bossstate.obj
c:\users\2240225\desktop\graphicengine4\3dgp\x64\release\playerstatederived.obj
c:\users\2240225\desktop\graphicengine4\3dgp\x64\release\shapematchingmodel.obj
c:\users\2240225\desktop\graphicengine4\3dgp\x64\release\odenslotactor.obj
c:\users\2240225\desktop\graphicengine4\3dgp\x64\release\odentrashactor.obj
c:\users\2240225\desktop\graphicengine4\3dgp\x64\release\odenslotmanager.obj
c:\users\2240225\desktop\graphicengine4\3dgp\x64\release\lightmanager.obj
c:\users\2240225\desktop\graphicengine4\3dgp\x64\release\primitiverenderer.obj
c:\users\2240225\desktop\graphicengine4\3dgp\x64\release\scenerenderer.obj
c:\users\2240225\desktop\graphicengine4\3dgp\x64\release\spritebatch.obj
c:\users\2240225\desktop\graphicengine4\3dgp\x64\release\collider.obj
c:\users\2240225\desktop\graphicengine4\3dgp\x64\release\collision.obj
c:\users\2240225\desktop\graphicengine4\3dgp\x64\release\pause.obj
c:\users\2240225\desktop\graphicengine4\3dgp\x64\release\uimanager.obj
c:\users\2240225\desktop\graphicengine4\3dgp\x64\release\dialog.obj
c:\users\2240225\desktop\graphicengine4\3dgp\x64\release\scenecomponent.obj
c:\users\2240225\desktop\graphicengine4\3dgp\x64\release\shapecomponent.obj
c:\users\2240225\desktop\graphicengine4\3dgp\x64\release\particlecomponent.obj
c:\users\2240225\desktop\graphicengine4\3dgp\x64\release\actormanager.obj
c:\users\2240225\desktop\graphicengine4\3dgp\x64\release\editorgizmo.obj
c:\users\2240225\desktop\graphicengine4\3dgp\x64\release\effectmanager.obj
c:\users\2240225\desktop\graphicengine4\3dgp\x64\release\resourcemanager.obj
c:\users\2240225\desktop\graphicengine4\3dgp\x64\release\player.obj
c:\users\2240225\desktop\graphicengine4\3dgp\x64\release\testsoftbody.obj
c:\users\2240225\desktop\graphicengine4\3dgp\x64\release\beatclockactor.obj
c:\users\2240225\desktop\graphicengine4\3dgp\x64\release\odenbubbleactor.obj
c:\users\2240225\desktop\graphicengine4\3dgp\x64\release\odenstoreactor.obj
c:\users\2240225\desktop\graphicengine4\3dgp\x64\release\odengamemanager.obj
c:\users\2240225\desktop\graphicengine4\3dgp\x64\release\odenuiscoreviewactor.obj
c:\users\2240225\desktop\graphicengine4\3dgp\x64\release\shader.obj
c:\users\2240225\desktop\graphicengine4\3dgp\x64\release\gltfmodelbase.obj
c:\users\2240225\desktop\graphicengine4\3dgp\x64\release\interleavedgltfmodel.obj
c:\users\2240225\desktop\graphicengine4\3dgp\x64\release\resultscene.obj
c:\users\2240225\desktop\graphicengine4\3dgp\x64\release\odenresultscoreactor.obj
c:\users\2240225\desktop\graphicengine4\data\shaders\accumulatehuskparticleps.cod
c:\users\2240225\desktop\graphicengine4\data\shaders\accumulatehuskparticleps.cso
c:\users\2240225\desktop\graphicengine4\shader\clothconstraintcs.cod
c:\users\2240225\desktop\graphicengine4\shader\clothconstraintcs.cso
c:\users\2240225\desktop\graphicengine4\shader\clothcs.cod
c:\users\2240225\desktop\graphicengine4\shader\clothcs.cso
c:\users\2240225\desktop\graphicengine4\shader\clothsimulatecopycs.cod
c:\users\2240225\desktop\graphicengine4\shader\clothsimulatecopycs.cso
c:\users\2240225\desktop\graphicengine4\shader\clothsimulatevs.cod
c:\users\2240225\desktop\graphicengine4\shader\clothsimulatevs.cso
c:\users\2240225\desktop\graphicengine4\shader\clothupdatecs.cod
c:\users\2240225\desktop\graphicengine4\shader\clothupdatecs.cso
c:\users\2240225\desktop\graphicengine4\shader\computeparticlebeginframecs.cod
c:\users\2240225\desktop\graphicengine4\shader\computeparticlebeginframecs.cso
c:\users\2240225\desktop\graphicengine4\shader\computeparticlebitonicsortb2cs.cod
c:\users\2240225\desktop\graphicengine4\shader\computeparticlebitonicsortb2cs.cso
c:\users\2240225\desktop\graphicengine4\shader\computeparticlebitonicsortc2cs.cod
c:\users\2240225\desktop\graphicengine4\shader\computeparticlebitonicsortc2cs.cso
c:\users\2240225\desktop\graphicengine4\shader\computeparticleemitcs.cod
c:\users\2240225\desktop\graphicengine4\shader\computeparticleemitcs.cso
c:\users\2240225\desktop\graphicengine4\shader\computeparticleendframecs.cod
c:\users\2240225\desktop\graphicengine4\shader\computeparticleendframecs.cso
c:\users\2240225\desktop\graphicengine4\shader\computeparticleinitcs.cod
c:\users\2240225\desktop\graphicengine4\shader\computeparticleinitcs.cso
c:\users\2240225\desktop\graphicengine4\shader\computeparticlerendergs.cod
c:\users\2240225\desktop\graphicengine4\shader\computeparticlerendergs.cso
c:\users\2240225\desktop\graphicengine4\shader\computeparticlerenderps.cod
c:\users\2240225\desktop\graphicengine4\shader\computeparticlerenderps.cso
c:\users\2240225\desktop\graphicengine4\shader\computeparticlerendervs.cod
c:\users\2240225\desktop\graphicengine4\shader\computeparticlerendervs.cso
c:\users\2240225\desktop\graphicengine4\shader\computeparticlesortcs.cod
c:\users\2240225\desktop\graphicengine4\shader\computeparticlesortcs.cso
c:\users\2240225\desktop\graphicengine4\shader\computeparticleupdatecs.cod
c:\users\2240225\desktop\graphicengine4\shader\computeparticleupdatecs.cso
c:\users\2240225\desktop\graphicengine4\shader\discotunnelps.cod
c:\users\2240225\desktop\graphicengine4\shader\discotunnelps.cso
c:\users\2240225\desktop\graphicengine4\shader\elasticbuildingcsmvs.cod
c:\users\2240225\desktop\graphicengine4\shader\elasticbuildingcsmvs.cso
c:\users\2240225\desktop\graphicengine4\shader\elasticbuildsvs.cod
c:\users\2240225\desktop\graphicengine4\shader\elasticbuildsvs.cso
c:\users\2240225\desktop\graphicengine4\shader\finalpassps.cod
c:\users\2240225\desktop\graphicengine4\shader\finalpassps.cso
c:\users\2240225\desktop\graphicengine4\shader\finalps.cod
c:\users\2240225\desktop\graphicengine4\shader\finalps.cso
c:\users\2240225\desktop\graphicengine4\shader\fontps.cod
c:\users\2240225\desktop\graphicengine4\shader\fontps.cso
c:\users\2240225\desktop\graphicengine4\shader\fontvs.cod
c:\users\2240225\desktop\graphicengine4\shader\fontvs.cso
c:\users\2240225\desktop\graphicengine4\shader\fullscreenquadps.cod
c:\users\2240225\desktop\graphicengine4\shader\fullscreenquadps.cso
c:\users\2240225\desktop\graphicengine4\shader\fullscreenquadvs.cod
c:\users\2240225\desktop\graphicengine4\shader\fullscreenquadvs.cso
c:\users\2240225\desktop\graphicengine4\shader\gaussianblurdownsamplingps.cod
c:\users\2240225\desktop\graphicengine4\shader\gaussianblurdownsamplingps.cso
c:\users\2240225\desktop\graphicengine4\shader\gaussianblurhorizontalps.cod
c:\users\2240225\desktop\graphicengine4\shader\gaussianblurhorizontalps.cso
c:\users\2240225\desktop\graphicengine4\shader\gaussianblurupsamplingps.cod
c:\users\2240225\desktop\graphicengine4\shader\gaussianblurupsamplingps.cso
c:\users\2240225\desktop\graphicengine4\shader\gaussianblurverticalps.cod
c:\users\2240225\desktop\graphicengine4\shader\gaussianblurverticalps.cso
c:\users\2240225\desktop\graphicengine4\shader\geometricprimitiveps.cod
c:\users\2240225\desktop\graphicengine4\shader\geometricprimitiveps.cso
c:\users\2240225\desktop\graphicengine4\shader\geometricprimitivevs.cod
c:\users\2240225\desktop\graphicengine4\shader\geometricprimitivevs.cso
c:\users\2240225\desktop\graphicengine4\shader\glowextractionps.cod
c:\users\2240225\desktop\graphicengine4\shader\glowextractionps.cso
c:\users\2240225\desktop\graphicengine4\shader\gltfmodelbasecolorps.cod
c:\users\2240225\desktop\graphicengine4\shader\gltfmodelbasecolorps.cso
c:\users\2240225\desktop\graphicengine4\shader\gltfmodelcharacterps.cod
c:\users\2240225\desktop\graphicengine4\shader\gltfmodelcharacterps.cso
c:\users\2240225\desktop\graphicengine4\shader\gltfmodelcsmgs.cod
c:\users\2240225\desktop\graphicengine4\shader\gltfmodelcsmgs.cso
c:\users\2240225\desktop\graphicengine4\shader\gltfmodelcsmvs.cod
c:\users\2240225\desktop\graphicengine4\shader\gltfmodelcsmvs.cso
c:\users\2240225\desktop\graphicengine4\shader\gltfmodeldeferredps.cod
c:\users\2240225\desktop\graphicengine4\shader\gltfmodeldeferredps.cso
c:\users\2240225\desktop\graphicengine4\shader\gltfmodeldissolveps.cod
c:\users\2240225\desktop\graphicengine4\shader\gltfmodeldissolveps.cso
c:\users\2240225\desktop\graphicengine4\shader\gltfmodelemissionps.cod
c:\users\2240225\desktop\graphicengine4\shader\gltfmodelemissionps.cso
c:\users\2240225\desktop\graphicengine4\shader\gltfmodelemitparticleps.cod
c:\users\2240225\desktop\graphicengine4\shader\gltfmodelemitparticleps.cso
c:\users\2240225\desktop\graphicengine4\shader\gltfmodelfightstageps.cod
c:\users\2240225\desktop\graphicengine4\shader\gltfmodelfightstageps.cso
c:\users\2240225\desktop\graphicengine4\shader\gltfmodelinstancedbatchingcsmvs.cod
c:\users\2240225\desktop\graphicengine4\shader\gltfmodelinstancedbatchingcsmvs.cso
c:\users\2240225\desktop\graphicengine4\shader\gltfmodelinstancedbatchingvs.cod
c:\users\2240225\desktop\graphicengine4\shader\gltfmodelinstancedbatchingvs.cso
c:\users\2240225\desktop\graphicengine4\shader\gltfmodelps.cod
c:\users\2240225\desktop\graphicengine4\shader\gltfmodelps.cso
c:\users\2240225\desktop\graphicengine4\shader\gltfmodelstaticbatchingcsmvs.cod
c:\users\2240225\desktop\graphicengine4\shader\gltfmodelstaticbatchingcsmvs.cso
c:\users\2240225\desktop\graphicengine4\shader\gltfmodelstaticbatchingvs.cod
c:\users\2240225\desktop\graphicengine4\shader\gltfmodelstaticbatchingvs.cso
c:\users\2240225\desktop\graphicengine4\shader\gltfmodelvs.cod
c:\users\2240225\desktop\graphicengine4\shader\gltfmodelvs.cso
c:\users\2240225\desktop\graphicengine4\shader\gltfmorphmodelps.cod
c:\users\2240225\desktop\graphicengine4\shader\gltfmorphmodelps.cso
c:\users\2240225\desktop\graphicengine4\shader\gltfmorphmodelvs.cod
c:\users\2240225\desktop\graphicengine4\shader\gltfmorphmodelvs.cso
c:\users\2240225\desktop\graphicengine4\shader\highfreqworleycs.cod
c:\users\2240225\desktop\graphicengine4\shader\highfreqworleycs.cso
c:\users\2240225\desktop\graphicengine4\shader\initializeparticlecs.cod
c:\users\2240225\desktop\graphicengine4\shader\initializeparticlecs.cso
c:\users\2240225\desktop\graphicengine4\shader\integrateparticlecs.cod
c:\users\2240225\desktop\graphicengine4\shader\integrateparticlecs.cso
c:\users\2240225\desktop\graphicengine4\shader\linesegmentps.cod
c:\users\2240225\desktop\graphicengine4\shader\linesegmentps.cso
c:\users\2240225\desktop\graphicengine4\shader\linesegmentvs.cod
c:\users\2240225\desktop\graphicengine4\shader\linesegmentvs.cso
c:\users\2240225\desktop\graphicengine4\shader\lowfreqperlinworleycs.cod
c:\users\2240225\desktop\graphicengine4\shader\lowfreqperlinworleycs.cso
c:\users\2240225\desktop\graphicengine4\shader\luminanceextranctionps.cod
c:\users\2240225\desktop\graphicengine4\shader\luminanceextranctionps.cso
c:\users\2240225\desktop\graphicengine4\shader\odensoupsurfaceps.cod
c:\users\2240225\desktop\graphicengine4\shader\odensoupsurfaceps.cso
c:\users\2240225\desktop\graphicengine4\shader\particlegs.cod
c:\users\2240225\desktop\graphicengine4\shader\particlegs.cso
c:\users\2240225\desktop\graphicengine4\shader\particleps.cod
c:\users\2240225\desktop\graphicengine4\shader\particleps.cso
c:\users\2240225\desktop\graphicengine4\shader\particlevs.cod
c:\users\2240225\desktop\graphicengine4\shader\particlevs.cso
c:\users\2240225\desktop\graphicengine4\shader\gltfmodelforwardtransparencyps.cod
c:\users\2240225\desktop\graphicengine4\shader\gltfmodelforwardtransparencyps.cso
c:\users\2240225\desktop\graphicengine4\shader\primitiverendererps.cod
c:\users\2240225\desktop\graphicengine4\shader\primitiverendererps.cso
c:\users\2240225\desktop\graphicengine4\shader\primitiverenderervs.cod
c:\users\2240225\desktop\graphicengine4\shader\primitiverenderervs.cso
c:\users\2240225\desktop\graphicengine4\shader\roundedloadingps.cod
c:\users\2240225\desktop\graphicengine4\shader\roundedloadingps.cso
c:\users\2240225\desktop\graphicengine4\shader\screenspaceambientocclusionps.cod
c:\users\2240225\desktop\graphicengine4\shader\screenspaceambientocclusionps.cso
c:\users\2240225\desktop\graphicengine4\shader\screenspaceprojectionmappingps.cod
c:\users\2240225\desktop\graphicengine4\shader\screenspaceprojectionmappingps.cso
c:\users\2240225\desktop\graphicengine4\shader\shadertoyps.cod
c:\users\2240225\desktop\graphicengine4\shader\shadertoyps.cso
c:\users\2240225\desktop\graphicengine4\shader\shadertoysky2.cod
c:\users\2240225\desktop\graphicengine4\shader\shadertoysky2.cso
c:\users\2240225\desktop\graphicengine4\shader\shadertoyskyps.cod
c:\users\2240225\desktop\graphicengine4\shader\shadertoyskyps.cso
c:\users\2240225\desktop\graphicengine4\shader\shadertoyvs.cod
c:\users\2240225\desktop\graphicengine4\shader\shadertoyvs.cso
c:\users\2240225\desktop\graphicengine4\shader\skinnedmeshps.cod
c:\users\2240225\desktop\graphicengine4\shader\skinnedmeshps.cso
c:\users\2240225\desktop\graphicengine4\shader\skinnedmeshvs.cod
c:\users\2240225\desktop\graphicengine4\shader\skinnedmeshvs.cso
c:\users\2240225\desktop\graphicengine4\shader\skyboxps.cod
c:\users\2240225\desktop\graphicengine4\shader\skyboxps.cso
c:\users\2240225\desktop\graphicengine4\shader\skymapgbufferps.cod
c:\users\2240225\desktop\graphicengine4\shader\skymapgbufferps.cso
c:\users\2240225\desktop\graphicengine4\shader\skymapps.cod
c:\users\2240225\desktop\graphicengine4\shader\skymapps.cso
c:\users\2240225\desktop\graphicengine4\shader\skymapvs.cod
c:\users\2240225\desktop\graphicengine4\shader\skymapvs.cso
c:\users\2240225\desktop\graphicengine4\shader\solidshaperendererps.cod
c:\users\2240225\desktop\graphicengine4\shader\solidshaperendererps.cso
c:\users\2240225\desktop\graphicengine4\shader\solidshaperenderervs.cod
c:\users\2240225\desktop\graphicengine4\shader\solidshaperenderervs.cso
c:\users\2240225\desktop\graphicengine4\shader\sprite_ps.cod
c:\users\2240225\desktop\graphicengine4\shader\sprite_ps.cso
c:\users\2240225\desktop\graphicengine4\shader\sprite_vs.cod
c:\users\2240225\desktop\graphicengine4\shader\sprite_vs.cso
c:\users\2240225\desktop\graphicengine4\shader\ssaops.cod
c:\users\2240225\desktop\graphicengine4\shader\ssaops.cso
c:\users\2240225\desktop\graphicengine4\shader\ssrps.cod
c:\users\2240225\desktop\graphicengine4\shader\ssrps.cso
c:\users\2240225\desktop\graphicengine4\shader\volumetriccloudscapesps.cod
c:\users\2240225\desktop\graphicengine4\shader\volumetriccloudscapesps.cso
c:\users\2240225\desktop\graphicengine4\shader\volumetricfogps.cod
c:\users\2240225\desktop\graphicengine4\shader\volumetricfogps.cso
c:\users\2240225\desktop\graphicengine4\shader\wiredshaperendererps.cod
c:\users\2240225\desktop\graphicengine4\shader\wiredshaperendererps.cso
c:\users\2240225\desktop\graphicengine4\shader\wiredshaperenderervs.cod
c:\users\2240225\desktop\graphicengine4\shader\wiredshaperenderervs.cso
c:\users\2240225\desktop\graphicengine4\shader\odendotlineps.cod
c:\users\2240225\desktop\graphicengine4\shader\odendotlineps.cso
c:\users\2240225\desktop\graphicengine4\shader\deferredlightingps.cod
c:\users\2240225\desktop\graphicengine4\shader\deferredlightingps.cso
c:\users\2240225\desktop\graphicengine4\x64\release\3dgp.exe
c:\users\2240225\desktop\graphicengine4\x64\release\3dgp.pdb
c:\users\2240225\desktop\graphicengine4\x64\release\3dgp.lib
c:\users\2240225\desktop\graphicengine4\x64\release\3dgp.exp
c:\users\2240225\desktop\graphicengine4\3dgp\x64\release\3dgp.ipdb
c:\users\2240225\desktop\graphicengine4\3dgp\x64\release\3dgp.iobj
c:\users\2240225\desktop\graphicengine4\3dgp\x64\release\computeparticlesystem.obj
c:\users\2240225\desktop\graphicengine4\3dgp\x64\release\effectcomponent.obj
c:\users\2240225\desktop\graphicengine4\3dgp\x64\release\effectsystem.obj
c:\users\2240225\desktop\graphicengine4\3dgp\x64\release\3dgp.tlog\cl.command.1.tlog
c:\users\2240225\desktop\graphicengine4\3dgp\x64\release\3dgp.tlog\cl.items.tlog
c:\users\2240225\desktop\graphicengine4\3dgp\x64\release\3dgp.tlog\cl.read.1.tlog
c:\users\2240225\desktop\graphicengine4\3dgp\x64\release\3dgp.tlog\cl.write.1.tlog
c:\users\2240225\desktop\graphicengine4\3dgp\x64\release\3dgp.tlog\fxc.command.1.tlog
c:\users\2240225\desktop\graphicengine4\3dgp\x64\release\3dgp.tlog\fxc.read.1.tlog
c:\users\2240225\desktop\graphicengine4\3dgp\x64\release\3dgp.tlog\fxc.write.1.tlog
c:\users\2240225\desktop\graphicengine4\3dgp\x64\release\3dgp.tlog\link.command.1.tlog
c:\users\2240225\desktop\graphicengine4\3dgp\x64\release\3dgp.tlog\link.read.1.tlog
c:\users\2240225\desktop\graphicengine4\3dgp\x64\release\3dgp.tlog\link.secondary.1.tlog
c:\users\2240225\desktop\graphicengine4\3dgp\x64\release\3dgp.tlog\link.write.1.tlog
