c:\users\2240225\desktop\graphicengine4\3dgp\x64\debug\vc143.pdb
c:\users\2240225\desktop\graphicengine4\3dgp\x64\debug\vc143.idb
c:\users\2240225\desktop\graphicengine4\shader\skinnedmeshps.cod
c:\users\2240225\desktop\graphicengine4\shader\skinnedmeshps.cso
c:\users\2240225\desktop\graphicengine4\shader\gltfmodelinstancedbatchingcsmvs.cod
c:\users\2240225\desktop\graphicengine4\shader\gltfmodelinstancedbatchingcsmvs.cso
c:\users\2240225\desktop\graphicengine4\shader\highfreqworleycs.cod
c:\users\2240225\desktop\graphicengine4\shader\highfreqworleycs.cso
c:\users\2240225\desktop\graphicengine4\shader\gltfmodelvs.cod
c:\users\2240225\desktop\graphicengine4\shader\gltfmodelvs.cso
c:\users\2240225\desktop\graphicengine4\shader\skyboxps.cod
c:\users\2240225\desktop\graphicengine4\shader\skyboxps.cso
c:\users\2240225\desktop\graphicengine4\shader\skinnedmeshvs.cod
c:\users\2240225\desktop\graphicengine4\shader\skinnedmeshvs.cso
c:\users\2240225\desktop\graphicengine4\shader\gltfmodelbasecolorps.cod
c:\users\2240225\desktop\graphicengine4\shader\gltfmodelbasecolorps.cso
c:\users\2240225\desktop\graphicengine4\shader\shadertoyps.cod
c:\users\2240225\desktop\graphicengine4\shader\shadertoyps.cso
c:\users\2240225\desktop\graphicengine4\shader\particlegs.cod
c:\users\2240225\desktop\graphicengine4\shader\particlegs.cso
c:\users\2240225\desktop\graphicengine4\shader\shadertoysky2.cod
c:\users\2240225\desktop\graphicengine4\shader\shadertoysky2.cso
c:\users\2240225\desktop\graphicengine4\shader\clothupdatecs.cod
c:\users\2240225\desktop\graphicengine4\shader\clothupdatecs.cso
c:\users\2240225\desktop\graphicengine4\shader\sprite_ps.cod
c:\users\2240225\desktop\graphicengine4\shader\sprite_ps.cso
c:\users\2240225\desktop\graphicengine4\shader\primitiverenderervs.cod
c:\users\2240225\desktop\graphicengine4\shader\primitiverenderervs.cso
c:\users\2240225\desktop\graphicengine4\shader\linesegmentps.cod
c:\users\2240225\desktop\graphicengine4\shader\linesegmentps.cso
c:\users\2240225\desktop\graphicengine4\shader\wiredshaperendererps.cod
c:\users\2240225\desktop\graphicengine4\shader\wiredshaperendererps.cso
c:\users\2240225\desktop\graphicengine4\shader\gltfmodelinstancedbatchingvs.cod
c:\users\2240225\desktop\graphicengine4\shader\gltfmodelinstancedbatchingvs.cso
c:\users\2240225\desktop\graphicengine4\shader\skymapgbufferps.cod
c:\users\2240225\desktop\graphicengine4\shader\skymapgbufferps.cso
c:\users\2240225\desktop\graphicengine4\shader\gaussianblurupsamplingps.cod
c:\users\2240225\desktop\graphicengine4\shader\gaussianblurupsamplingps.cso
c:\users\2240225\desktop\graphicengine4\shader\deferredps.cod
c:\users\2240225\desktop\graphicengine4\shader\deferredps.cso
c:\users\2240225\desktop\graphicengine4\shader\computeparticlerendervs.cod
c:\users\2240225\desktop\graphicengine4\shader\computeparticlerendervs.cso
c:\users\2240225\desktop\graphicengine4\shader\gltfmodelps.cod
c:\users\2240225\desktop\graphicengine4\shader\gltfmodelps.cso
c:\users\2240225\desktop\graphicengine4\shader\cascadedshadowps.cod
c:\users\2240225\desktop\graphicengine4\shader\cascadedshadowps.cso
c:\users\2240225\desktop\graphicengine4\shader\gltfmodelstaticbatchingcsmvs.cod
c:\users\2240225\desktop\graphicengine4\shader\gltfmodelstaticbatchingcsmvs.cso
c:\users\2240225\desktop\graphicengine4\shader\computeparticleemitcs.cod
c:\users\2240225\desktop\graphicengine4\shader\computeparticleemitcs.cso
c:\users\2240225\desktop\graphicengine4\shader\clothcs.cod
c:\users\2240225\desktop\graphicengine4\shader\clothcs.cso
c:\users\2240225\desktop\graphicengine4\shader\computeparticlerendergs.cod
c:\users\2240225\desktop\graphicengine4\shader\computeparticlerendergs.cso
c:\users\2240225\desktop\graphicengine4\shader\gltfmodeldissolveps.cod
c:\users\2240225\desktop\graphicengine4\shader\gltfmodeldissolveps.cso
c:\users\2240225\desktop\graphicengine4\shader\computeparticlebitonicsortc2cs.cod
c:\users\2240225\desktop\graphicengine4\shader\computeparticlebitonicsortc2cs.cso
c:\users\2240225\desktop\graphicengine4\shader\skymapps.cod
c:\users\2240225\desktop\graphicengine4\shader\skymapps.cso
c:\users\2240225\desktop\graphicengine4\shader\gaussianblurverticalps.cod
c:\users\2240225\desktop\graphicengine4\shader\gaussianblurverticalps.cso
c:\users\2240225\desktop\graphicengine4\shader\computeparticleinitcs.cod
c:\users\2240225\desktop\graphicengine4\shader\computeparticleinitcs.cso
c:\users\2240225\desktop\graphicengine4\shader\primitiverendererps.cod
c:\users\2240225\desktop\graphicengine4\shader\primitiverendererps.cso
c:\users\2240225\desktop\graphicengine4\shader\geometricprimitivevs.cod
c:\users\2240225\desktop\graphicengine4\shader\geometricprimitivevs.cso
c:\users\2240225\desktop\graphicengine4\shader\computeparticleendframecs.cod
c:\users\2240225\desktop\graphicengine4\shader\computeparticleendframecs.cso
c:\users\2240225\desktop\graphicengine4\shader\integrateparticlecs.cod
c:\users\2240225\desktop\graphicengine4\shader\integrateparticlecs.cso
c:\users\2240225\desktop\graphicengine4\shader\gltfmorphmodelvs.cod
c:\users\2240225\desktop\graphicengine4\shader\gltfmorphmodelvs.cso
c:\users\2240225\desktop\graphicengine4\shader\gaussianblurdownsamplingps.cod
c:\users\2240225\desktop\graphicengine4\shader\gaussianblurdownsamplingps.cso
c:\users\2240225\desktop\graphicengine4\shader\gltfmorphmodelps.cod
c:\users\2240225\desktop\graphicengine4\shader\gltfmorphmodelps.cso
c:\users\2240225\desktop\graphicengine4\shader\ssrps.cod
c:\users\2240225\desktop\graphicengine4\shader\ssrps.cso
c:\users\2240225\desktop\graphicengine4\shader\geometricprimitiveps.cod
c:\users\2240225\desktop\graphicengine4\shader\geometricprimitiveps.cso
c:\users\2240225\desktop\graphicengine4\shader\shadertoyskyps.cod
c:\users\2240225\desktop\graphicengine4\shader\shadertoyskyps.cso
c:\users\2240225\desktop\graphicengine4\shader\volumetricfogps.cod
c:\users\2240225\desktop\graphicengine4\shader\volumetricfogps.cso
c:\users\2240225\desktop\graphicengine4\shader\fullscreenquadvs.cod
c:\users\2240225\desktop\graphicengine4\shader\fullscreenquadvs.cso
c:\users\2240225\desktop\graphicengine4\shader\initializeparticlecs.cod
c:\users\2240225\desktop\graphicengine4\shader\initializeparticlecs.cso
c:\users\2240225\desktop\graphicengine4\shader\fontps.cod
c:\users\2240225\desktop\graphicengine4\shader\fontps.cso
c:\users\2240225\desktop\graphicengine4\shader\computeparticlebitonicsortb2cs.cod
c:\users\2240225\desktop\graphicengine4\shader\computeparticlebitonicsortb2cs.cso
c:\users\2240225\desktop\graphicengine4\shader\computeparticleupdatecs.cod
c:\users\2240225\desktop\graphicengine4\shader\computeparticleupdatecs.cso
c:\users\2240225\desktop\graphicengine4\shader\discotunnelps.cod
c:\users\2240225\desktop\graphicengine4\shader\discotunnelps.cso
c:\users\2240225\desktop\graphicengine4\shader\luminanceextranctionps.cod
c:\users\2240225\desktop\graphicengine4\shader\luminanceextranctionps.cso
c:\users\2240225\desktop\graphicengine4\shader\volumetriccloudscapesps.cod
c:\users\2240225\desktop\graphicengine4\shader\volumetriccloudscapesps.cso
c:\users\2240225\desktop\graphicengine4\shader\gltfmodelforwardtransparencyps.cod
c:\users\2240225\desktop\graphicengine4\shader\gltfmodelforwardtransparencyps.cso
c:\users\2240225\desktop\graphicengine4\shader\fontvs.cod
c:\users\2240225\desktop\graphicengine4\shader\fontvs.cso
c:\users\2240225\desktop\graphicengine4\shader\gltfmodelemitparticleps.cod
c:\users\2240225\desktop\graphicengine4\shader\gltfmodelemitparticleps.cso
c:\users\2240225\desktop\graphicengine4\shader\gltfmodelfightstageps.cod
c:\users\2240225\desktop\graphicengine4\shader\gltfmodelfightstageps.cso
c:\users\2240225\desktop\graphicengine4\shader\clothconstraintcs.cod
c:\users\2240225\desktop\graphicengine4\shader\clothconstraintcs.cso
c:\users\2240225\desktop\graphicengine4\shader\computeparticlerenderps.cod
c:\users\2240225\desktop\graphicengine4\shader\computeparticlerenderps.cso
c:\users\2240225\desktop\graphicengine4\shader\elasticbuildingcsmvs.cod
c:\users\2240225\desktop\graphicengine4\shader\elasticbuildingcsmvs.cso
c:\users\2240225\desktop\graphicengine4\shader\wiredshaperenderervs.cod
c:\users\2240225\desktop\graphicengine4\shader\wiredshaperenderervs.cso
c:\users\2240225\desktop\graphicengine4\data\shaders\accumulatehuskparticleps.cod
c:\users\2240225\desktop\graphicengine4\data\shaders\accumulatehuskparticleps.cso
c:\users\2240225\desktop\graphicengine4\shader\lowfreqperlinworleycs.cod
c:\users\2240225\desktop\graphicengine4\shader\lowfreqperlinworleycs.cso
c:\users\2240225\desktop\graphicengine4\shader\gltfmodelcharacterps.cod
c:\users\2240225\desktop\graphicengine4\shader\gltfmodelcharacterps.cso
c:\users\2240225\desktop\graphicengine4\shader\particlevs.cod
c:\users\2240225\desktop\graphicengine4\shader\particlevs.cso
c:\users\2240225\desktop\graphicengine4\shader\fullscreenquadps.cod
c:\users\2240225\desktop\graphicengine4\shader\fullscreenquadps.cso
c:\users\2240225\desktop\graphicengine4\shader\linesegmentvs.cod
c:\users\2240225\desktop\graphicengine4\shader\linesegmentvs.cso
c:\users\2240225\desktop\graphicengine4\shader\clothsimulatevs.cod
c:\users\2240225\desktop\graphicengine4\shader\clothsimulatevs.cso
c:\users\2240225\desktop\graphicengine4\shader\gaussianblurhorizontalps.cod
c:\users\2240225\desktop\graphicengine4\shader\gaussianblurhorizontalps.cso
c:\users\2240225\desktop\graphicengine4\shader\glowextractionps.cod
c:\users\2240225\desktop\graphicengine4\shader\glowextractionps.cso
c:\users\2240225\desktop\graphicengine4\shader\particleps.cod
c:\users\2240225\desktop\graphicengine4\shader\particleps.cso
c:\users\2240225\desktop\graphicengine4\shader\gltfmodelcsmgs.cod
c:\users\2240225\desktop\graphicengine4\shader\gltfmodelcsmgs.cso
c:\users\2240225\desktop\graphicengine4\shader\clothsimulatecopycs.cod
c:\users\2240225\desktop\graphicengine4\shader\clothsimulatecopycs.cso
c:\users\2240225\desktop\graphicengine4\shader\gltfmodelemissionps.cod
c:\users\2240225\desktop\graphicengine4\shader\gltfmodelemissionps.cso
c:\users\2240225\desktop\graphicengine4\shader\ssaops.cod
c:\users\2240225\desktop\graphicengine4\shader\ssaops.cso
c:\users\2240225\desktop\graphicengine4\shader\gltfmodelcsmvs.cod
c:\users\2240225\desktop\graphicengine4\shader\gltfmodelcsmvs.cso
c:\users\2240225\desktop\graphicengine4\shader\elasticbuildsvs.cod
c:\users\2240225\desktop\graphicengine4\shader\elasticbuildsvs.cso
c:\users\2240225\desktop\graphicengine4\shader\gltfmodeldeferredps.cod
c:\users\2240225\desktop\graphicengine4\shader\gltfmodeldeferredps.cso
c:\users\2240225\desktop\graphicengine4\shader\skymapvs.cod
c:\users\2240225\desktop\graphicengine4\shader\skymapvs.cso
c:\users\2240225\desktop\graphicengine4\data\shaders\buildingps.cod
c:\users\2240225\desktop\graphicengine4\data\shaders\buildingps.cso
c:\users\2240225\desktop\graphicengine4\shader\finalpassps.cod
c:\users\2240225\desktop\graphicengine4\shader\finalpassps.cso
c:\users\2240225\desktop\graphicengine4\shader\solidshaperenderervs.cod
c:\users\2240225\desktop\graphicengine4\shader\solidshaperenderervs.cso
c:\users\2240225\desktop\graphicengine4\shader\gltfmodelstaticbatchingvs.cod
c:\users\2240225\desktop\graphicengine4\shader\gltfmodelstaticbatchingvs.cso
c:\users\2240225\desktop\graphicengine4\shader\sprite_vs.cod
c:\users\2240225\desktop\graphicengine4\shader\sprite_vs.cso
c:\users\2240225\desktop\graphicengine4\shader\roundedloadingps.cod
c:\users\2240225\desktop\graphicengine4\shader\roundedloadingps.cso
c:\users\2240225\desktop\graphicengine4\shader\shadertoyvs.cod
c:\users\2240225\desktop\graphicengine4\shader\shadertoyvs.cso
c:\users\2240225\desktop\graphicengine4\shader\screenspaceambientocclusionps.cod
c:\users\2240225\desktop\graphicengine4\shader\screenspaceambientocclusionps.cso
c:\users\2240225\desktop\graphicengine4\shader\screenspaceprojectionmappingps.cod
c:\users\2240225\desktop\graphicengine4\shader\screenspaceprojectionmappingps.cso
c:\users\2240225\desktop\graphicengine4\shader\computeparticlesortcs.cod
c:\users\2240225\desktop\graphicengine4\shader\computeparticlesortcs.cso
c:\users\2240225\desktop\graphicengine4\shader\computeparticlebeginframecs.cod
c:\users\2240225\desktop\graphicengine4\shader\computeparticlebeginframecs.cso
c:\users\2240225\desktop\graphicengine4\shader\solidshaperendererps.cod
c:\users\2240225\desktop\graphicengine4\shader\solidshaperendererps.cso
c:\users\2240225\desktop\graphicengine4\3dgp\x64\debug\3dgp.tlog\cl.command.1.tlog
c:\users\2240225\desktop\graphicengine4\3dgp\x64\debug\3dgp.tlog\cl.read.1.tlog
c:\users\2240225\desktop\graphicengine4\3dgp\x64\debug\3dgp.tlog\cl.write.1.tlog
c:\users\2240225\desktop\graphicengine4\3dgp\x64\debug\3dgp.tlog\fxc.command.1.tlog
c:\users\2240225\desktop\graphicengine4\3dgp\x64\debug\3dgp.tlog\microsoft.build.fxctask.fxc.read.1.tlog
c:\users\2240225\desktop\graphicengine4\3dgp\x64\debug\3dgp.tlog\microsoft.build.fxctask.fxc.write.1.tlog
